../Core/Src/main.c:87:5:main	64	static
../Core/Src/main.c:183:6:SystemClock_Config	72	static
../Core/Src/main.c:224:13:MX_IWDG_Init	8	static
../Core/Src/main.c:252:13:MX_SPI2_Init	8	static
../Core/Src/main.c:290:13:MX_USART1_UART_Init	8	static
../Core/Src/main.c:323:13:MX_USART2_UART_Init	8	static
../Core/Src/main.c:354:13:MX_DMA_Init	16	static
../Core/Src/main.c:372:13:MX_GPIO_Init	40	static
../Core/Src/main.c:415:6:StartDefaultTask	16	static
../Core/Src/main.c:430:6:Error_Handler	4	static,ignoring_inline_asm
